<html>
<body>
<pre>
<h1>µVision Build Log</h1>
<h2>Tool Versions:</h2>
IDE-Version: µVision V5.24.2.0
Copyright (C) 2017 ARM Ltd and ARM Germany GmbH. All rights reserved.
License Information: Jonathan Hubbard, RIT, LIC=----
 
Tool Versions:
Toolchain:       MDK-Lite  Version: 5.24.1
Toolchain Path:  C:\Keil_v5\ARM\ARMCC\Bin
C Compiler:      Armcc.exe V5.06 update 5 (build 528)
Assembler:       Armasm.exe V5.06 update 5 (build 528)
Linker/Locator:  ArmLink.exe V5.06 update 5 (build 528)
Library Manager: ArmAr.exe V5.06 update 5 (build 528)
Hex Converter:   FromElf.exe V5.06 update 5 (build 528)
CPU DLL:         SARMCM3.DLL V5.24.1
Dialog DLL:      DCM.DLL V1.16.0.0
Target DLL:      CMSIS_AGDI.dll V1.28.3.0
Dialog DLL:      TCM.DLL V1.32.0.0
 
<h2>Project:</h2>
C:\Users\Jonathan Hubbard\Desktop\NXP Car\NXP_Car.uvprojx
Project File Date:  11/07/2019

<h2>Output:</h2>
*** Using Compiler 'V5.06 update 5 (build 528)', folder: 'C:\Keil_v5\ARM\ARMCC\Bin'
Build target 'Target 1'
compiling main.c...
pwm.h(7): warning:  #1295-D: Deprecated declaration InitPWM - give arg types
  void InitPWM();
pwm.h(8): warning:  #1295-D: Deprecated declaration PWM_ISR - give arg types
  void PWM_ISR();
main.c(53): warning:  #1295-D: Deprecated declaration initialize - give arg types
  void initialize();
main.c(218): warning:  #181-D: argument is incompatible with corresponding format string conversion
  			sprintf(str, " Err: %i\n\r", err);
main.c(220): warning:  #181-D: argument is incompatible with corresponding format string conversion
  			sprintf(str, "MSpd: %i\n\r", motorSpeed + (5 - (absErr/4)));
main.c(243): warning:  #128-D: loop is not reachable
  	for(;;) {
main.c(271): warning:  #111-D: statement is unreachable
  	return 0;
main.c(106): warning:  #177-D: variable "servoPosOld"  was declared but never referenced
  	int servoPosOld = 50; // Previous servo position
main.c: 8 warnings, 0 errors
linking...
Program Size: Code=7064 RO-data=1128 RW-data=48 ZI-data=3272  
".\Objects\NXP_Car.axf" - 0 Error(s), 8 Warning(s).

<h2>Software Packages used:</h2>

Package Vendor: ARM
                http://www.keil.com/pack/ARM.CMSIS.5.0.1.pack
                ARM.CMSIS.5.0.1
                CMSIS (Cortex Microcontroller Software Interface Standard)
   * Component: CORE Version: 5.0.1

Package Vendor: Keil
                http://www.keil.com/pack/Keil.Kinetis_K60_DFP.1.5.0.pack
                Keil.Kinetis_K60_DFP.1.5.0
                NXP Kinetis K60 Series Device Support and Examples
   * Component: Startup Version: 1.0.0

<h2>Collection of Component include folders:</h2>
  .\RTE\_Target_1
  C:\Keil_v5\ARM\PACK\ARM\CMSIS\5.0.1\CMSIS\Include
  C:\Keil_v5\ARM\PACK\Keil\Kinetis_K60_DFP\1.5.0\Device\Include

<h2>Collection of Component Files used:</h2>

   * Component: Keil::Device:Startup:1.0.0
      Source file:   Device\Source\system_MK64F12.c
      Source file:   Device\Source\ARM\startup_MK64F12.s

   * Component: ARM::CMSIS:CORE:5.0.1
Build Time Elapsed:  00:00:04
</pre>
</body>
</html>
